// Jest Snapshot v1, https://goo.gl/fbAQLP

exports[`Shoe should render properly 1`] = `
<StyledComponent
  forwardedComponent={
    Object {
      "$$typeof": Symbol(react.forward_ref),
      "attrs": Array [],
      "componentStyle": ComponentStyle {
        "componentId": "sc-gzVnrw",
        "isStatic": false,
        "rules": Array [
          "
  flex: 1 0 30%;
  margin-right: 20px;
  order: ",
          [Function],
          ";
  color: rgb(109, 109, 109);
  ",
        ],
      },
      "displayName": "styled.li",
      "foldedComponentIds": Array [],
      "render": [Function],
      "styledComponentId": "sc-gzVnrw",
      "target": "li",
      "toString": [Function],
      "warnTooManyClasses": [Function],
      "withComponent": [Function],
    }
  }
  forwardedRef={null}
  id="li"
  onMouseEnter={[Function]}
  onMouseLeave={[Function]}
>
  <img />
  <br />
  <styled.div
    id="text"
  >
    <styled.div
      id="shoeText"
    >
      <styled.div>
         
        Colors
        <br />
      </styled.div>
      <br />
    </styled.div>
    <br />
    <styled.div
      id="shoePrices"
    >
      <styled.div>
        $undefined
      </styled.div>
      <br />
    </styled.div>
  </styled.div>
</StyledComponent>
`;
